
> mistral-snap@0.1.0 test
> jest

node.exe : PASS __tests__/api
/config.test.ts
위치 C:\Program Files\nodejs\np
m.ps1:29 문자:3
+   & $NODE_EXE $NPM_CLI_JS $
args
+   ~~~~~~~~~~~~~~~~~~~~~~~~~
~~~~
    + CategoryInfo           
   : NotSpecified: (PASS __  
  tests__/api/config.test.   
 ts:String) [], RemoteExc    
eption
    + FullyQualifiedErrorId  
   : NativeCommandError
 
PASS __tests__/api/sfx.test.t
s
  ??Console

    console.warn
      ELEVENLABS_API_KEY is n
ot set. Using fallback/mock a
udio.

    [0m [90m 22 |[39m     
    [36mconst[39m apiKey [
33m=[39m process[33m.[39me
nv[33m.[39m[33mELEVENLABS_
API_KEY[39m[33m;[39m
     [90m 23 |[39m         
[36mif[39m ([33m![39mapiK
ey) {
    [31m[1m>[22m[39m[90m
 24 |[39m             consol
e[33m.[39mwarn([32m'ELEVEN
LABS_API_KEY is not set. Usin
g fallback/mock audio.'[39m)
[33m;[39m
     [90m    |[39m         
            [31m[1m^[22m[
39m
     [90m 25 |[39m         
    [36mconst[39m mockBuffe
r [33m=[39m [36mnew[39m 
[33mArrayBuffer[39m([35m1[
39m)[33m;[39m
     [90m 26 |[39m         
    [36mreturn[39m [36mnew
[39m [33mNextResponse[39m(
mockBuffer[33m,[39m {
     [90m 27 |[39m         
        status[33m:[39m [3
5m200[39m[33m,[39m[0m

      at warn (src/app/api/sf
x/route.ts:24:21)
      at Object.<anonymous> (
__tests__/api/sfx.test.ts:39:
26)

    console.error
      ElevenLabs SFX API Erro
r: Forbidden

    [0m [90m 50 |[39m     
    [36mif[39m ([33m![39m
response[33m.[39mok) {
     [90m 51 |[39m         
    [36mconst[39m errorText
 [33m=[39m [36mawait[39m 
response[33m.[39mtext()[33
m;[39m
    [31m[1m>[22m[39m[90m
 52 |[39m             consol
e[33m.[39merror([32m'Eleve
nLabs SFX API Error:'[39m[3
3m,[39m errorText)[33m;[39
m
     [90m    |[39m         
            [31m[1m^[22m[
39m
     [90m 53 |[39m         
    [36mreturn[39m [33mNex
tResponse[39m[33m.[39mjson
({ error[33m:[39m [32m'Fai
led to generate sound effect'
[39m }[33m,[39m { status[
33m:[39m response[33m.[39m
status })[33m;[39m
     [90m 54 |[39m         
}
     [90m 55 |[39m[0m

      at error (src/app/api/s
fx/route.ts:52:21)
      at Object.<anonymous> (
__tests__/api/sfx.test.ts:106
:26)

FAIL __tests__/api/speak.test
.ts
  ??Console

    console.warn
      ELEVENLABS_API_KEY is n
ot set. Using fallback/mock a
udio.

    [0m [90m 22 |[39m     
    [36mconst[39m apiKey [
33m=[39m process[33m.[39me
nv[33m.[39m[33mELEVENLABS_
API_KEY[39m[33m;[39m
     [90m 23 |[39m         
[36mif[39m ([33m![39mapiK
ey) {
    [31m[1m>[22m[39m[90m
 24 |[39m             consol
e[33m.[39mwarn([32m'ELEVEN
LABS_API_KEY is not set. Usin
g fallback/mock audio.'[39m)
[33m;[39m
     [90m    |[39m         
            [31m[1m^[22m[
39m
     [90m 25 |[39m         
    [36mconst[39m mockBuffe
r [33m=[39m [36mnew[39m 
[33mArrayBuffer[39m([35m1[
39m)[33m;[39m
     [90m 26 |[39m         
    [36mreturn[39m [36mnew
[39m [33mNextResponse[39m(
mockBuffer[33m,[39m {
     [90m 27 |[39m         
        status[33m:[39m [3
5m200[39m[33m,[39m[0m

      at warn (src/app/api/sp
eak/route.ts:24:21)
      at Object.<anonymous> (
__tests__/api/speak.test.ts:4
0:26)

    console.error
      ElevenLabs API Error: U
nauthorized

    [0m [90m 52 |[39m     
    [36mif[39m ([33m![39m
response[33m.[39mok) {
     [90m 53 |[39m         
    [36mconst[39m errorText
 [33m=[39m [36mawait[39m 
response[33m.[39mtext()[33
m;[39m
    [31m[1m>[22m[39m[90m
 54 |[39m             consol
e[33m.[39merror([32m'Eleve
nLabs API Error:'[39m[33m,
[39m errorText)[33m;[39m
     [90m    |[39m         
            [31m[1m^[22m[
39m
     [90m 55 |[39m         
    [36mreturn[39m [33mNex
tResponse[39m[33m.[39mjson
({ error[33m:[39m [32m'Fai
led to generate speech'[39m 
}[33m,[39m { status[33m:[
39m response[33m.[39mstatus
 })[33m;[39m
     [90m 56 |[39m         
}
     [90m 57 |[39m[0m

      at error (src/app/api/s
peak/route.ts:54:21)
      at Object.<anonymous> (
__tests__/api/speak.test.ts:9
1:26)

  ??/api/speak API Route ??re
turns audio buffer successful
ly

    expect(jest.fn()).toHaveB
eenCalledWith(...expected)

    Expected: "https://api.el
evenlabs.io/v1/text-to-speech
/voice123", ObjectContaining 
{"headers": ObjectContaining 
{"xi-api-key": "test-key"}, "
method": "POST"}
    Received: "https://api.el
evenlabs.io/v1/text-to-speech
/voice123?optimize_streaming_
latency=2", {"body": "{\"text
\":\"Hello World\",\"model_id
\":\"eleven_multilingual_v2\"
,\"voice_settings\":{\"stabil
ity\":0.5,\"similarity_boost\
":0.75}}", "headers": {"Accep
t": "audio/mpeg", "Content-Ty
pe": "application/json", "xi-
api-key": "test-key"}, "metho
d": "POST"}

    Number of calls: 1

    [0m [90m 66 |[39m
     [90m 67 |[39m         
[90m// Verify fetch was call
ed correctly[39m
    [31m[1m>[22m[39m[90m
 68 |[39m         expect(glo
bal[33m.[39mfetch)[33m.[3
9mtoHaveBeenCalledWith(
     [90m    |[39m         
                     [31m[1
m^[22m[39m
     [90m 69 |[39m         
    [32m'https://api.elevenl
abs.io/v1/text-to-speech/voic
e123'[39m[33m,[39m
     [90m 70 |[39m         
    expect[33m.[39mobjectCo
ntaining({
     [90m 71 |[39m         
        method[33m:[39m [3
2m'POST'[39m[33m,[39m[0m

      at Object.toHaveBeenCal
ledWith (__tests__/api/speak.
test.ts:68:30)

[20:55:48.856] [33mWARN[39m (227428): [36mRedis connection failed. Switching to in-memory cache. Run 'docker compose up -d' in the observability folder to enable Redis.[39m
[20:55:48.856] [33mWARN[39m (257960): [36mRedis connection failed. Switching to in-memory cache. Run 'docker compose up -d' in the observability folder to enable Redis.[39m
[20:55:48.857] [33mWARN[39m (227428): [36mRate limiter error, allowing request by default[39m
    err: {
      "type": "Error",
      "message": "Connection is closed.",
      "stack":
          Error: Connection is closed.
              at close (C:\Projects\hack\node_modules\ioredis\built\redis\event_handler.js:214:25)
              at Socket.<anonymous> (C:\Projects\hack\node_modules\ioredis\built\redis\event_handler.js:181:20)
              at Object.onceWrapper (node:events:633:26)
              at Socket.emit (node:events:530:35)
              at TCP.<anonymous> (node:net:346:12)
              at TCP.callbackTrampoline (node:internal/async_hooks:130:17)
    }
[20:55:48.858] [33mWARN[39m (257960): [36mRate limiter error, allowing request by default[39m
    err: {
      "type": "Error",
      "message": "Connection is closed.",
      "stack":
          Error: Connection is closed.
              at close (C:\Projects\hack\node_modules\ioredis\built\redis\event_handler.js:214:25)
              at Socket.<anonymous> (C:\Projects\hack\node_modules\ioredis\built\redis\event_handler.js:181:20)
              at Object.onceWrapper (node:events:633:26)
              at Socket.emit (node:events:530:35)
              at TCP.<anonymous> (node:net:346:12)
              at TCP.callbackTrampoline (node:internal/async_hooks:130:17)
    }
PASS __tests__/lib/codeTransf
orm.test.ts
PASS src/lib/__tests__/codeTr
ansform.test.ts
PASS __tests__/hooks/useAiGen
eration.test.ts
  ??Console

    console.error
      AI Generation failed: E
rror: API Error
          at triggerAiGenerat
ion (C:\Projects\hack\src\hoo
ks\useAiGeneration.ts:32:23)

    [0m [90m 59 |[39m     
        [36mconst[39m error
Message [33m=[39m err [36m
instanceof[39m [33mError[3
9m [33m?[39m err[33m.[39m
message [33m:[39m [32m"AI 
Magic failed! Please try agai
n."[39m[33m;[39m
     [90m 60 |[39m         
    toast[33m.[39merror(err
orMessage)[33m;[39m
    [31m[1m>[22m[39m[90m
 61 |[39m             consol
e[33m.[39merror([32m"AI Ge
neration failed:"[39m[33m,
[39m err)[33m;[39m
     [90m    |[39m         
            [31m[1m^[22m[
39m
     [90m 62 |[39m         
} [36mfinally[39m {
     [90m 63 |[39m         
    setIsGenerating([36mfals
e[39m)[33m;[39m
     [90m 64 |[39m         
}[0m

      at error (src/hooks/use
AiGeneration.ts:61:21)

PASS __tests__/components/Api
SetupModal.test.tsx
PASS __tests__/lib/customBloc
ks.test.ts
  ??Console

    console.warn
      CodeGenerator init was 
not called before blockToCode
 was called.

    [0m [90m 40 |[39m     
        [36mconst[39m block
 [33m=[39m workspace[33m.
[39mnewBlock([32m'magic_cond
ition'[39m)[33m;[39m
     [90m 41 |[39m         
    block[33m.[39msetFieldV
alue([32m'test prompt'[39m
[33m,[39m [32m'PROMPT'[39m
)[33m;[39m
    [31m[1m>[22m[39m[90m
 42 |[39m             [36mc
onst[39m code [33m=[39m ja
vascriptGenerator[33m.[39mb
lockToCode(block) [36mas[39
m [string[33m,[39m number]
[33m;[39m
     [90m    |[39m         
                             
        [31m[1m^[22m[39m
     [90m 43 |[39m         
    expect(code[[35m0[39m])
[33m.[39mtoContain([32m'/*
 ??AI Request: "test prompt" 
*/ (true)'[39m)[33m;[39m
     [90m 44 |[39m         
})[33m;[39m
     [90m 45 |[39m[0m

      at JavascriptGenerator$
$module$build$src$generators$
javascript$javascript_generat
or.warn [as blockToCode] (nod
e_modules/blockly/core/genera
tor.ts:239:15)
      at Object.blockToCode (
__tests__/lib/customBlocks.te
st.ts:42:46)

    console.warn
      CodeGenerator init was 
not called before blockToCode
 was called.

    [0m [90m 40 |[39m     
        [36mconst[39m block
 [33m=[39m workspace[33m.
[39mnewBlock([32m'magic_cond
ition'[39m)[33m;[39m
     [90m 41 |[39m         
    block[33m.[39msetFieldV
alue([32m'test prompt'[39m
[33m,[39m [32m'PROMPT'[39m
)[33m;[39m
    [31m[1m>[22m[39m[90m
 42 |[39m             [36mc
onst[39m code [33m=[39m ja
vascriptGenerator[33m.[39mb
lockToCode(block) [36mas[39
m [string[33m,[39m number]
[33m;[39m
     [90m    |[39m         
                             
        [31m[1m^[22m[39m
     [90m 43 |[39m         
    expect(code[[35m0[39m])
[33m.[39mtoContain([32m'/*
 ??AI Request: "test prompt" 
*/ (true)'[39m)[33m;[39m
     [90m 44 |[39m         
})[33m;[39m
     [90m 45 |[39m[0m

      at JavascriptGenerator$
$module$build$src$generators$
javascript$javascript_generat
or.warn [as blockToCode] (nod
e_modules/blockly/core/genera
tor.ts:239:15)
      at JavascriptGenerator$
$module$build$src$generators$
javascript$javascript_generat
or.blockToCode [as scrub_] (n
ode_modules/blockly/generator
s/javascript/javascript_gener
ator.ts:281:43)
      at JavascriptGenerator$
$module$build$src$generators$
javascript$javascript_generat
or.scrub_ [as blockToCode] (n
ode_modules/blockly/core/gene
rator.ts:274:20)
      at Object.blockToCode (
__tests__/lib/customBlocks.te
st.ts:42:46)

    console.warn
      CodeGenerator init was 
not called before blockToCode
 was called.

    [0m [90m 48 |[39m     
        block[33m.[39msetFi
eldValue([32m'bg'[39m[33m,
[39m [32m'TARGET'[39m)[33
m;[39m
     [90m 49 |[39m         
    block[33m.[39msetFieldV
alue([32m'red'[39m[33m,[3
9m [32m'PROMPT'[39m)[33m;
[39m
    [31m[1m>[22m[39m[90m
 50 |[39m             [36mc
onst[39m code [33m=[39m ja
vascriptGenerator[33m.[39mb
lockToCode(block) [36mas[39
m string[33m;[39m
     [90m    |[39m         
                             
        [31m[1m^[22m[39m
     [90m 51 |[39m         
    expect(code)[33m.[39mto
Contain([32m'/* ??AI Request
: "Style bg like red" */'[39
m)[33m;[39m
     [90m 52 |[39m         
    expect(code)[33m.[39mto
Contain([32m"AI_MAGIC_STYLE:
 Style bg like red"[39m)[33
m;[39m
     [90m 53 |[39m         
})[33m;[39m[0m

      at JavascriptGenerator$
$module$build$src$generators$
javascript$javascript_generat
or.warn [as blockToCode] (nod
e_modules/blockly/core/genera
tor.ts:239:15)
      at Object.blockToCode (
__tests__/lib/customBlocks.te
st.ts:50:46)

    console.warn
      CodeGenerator init was 
not called before blockToCode
 was called.

    [0m [90m 48 |[39m     
        block[33m.[39msetFi
eldValue([32m'bg'[39m[33m,
[39m [32m'TARGET'[39m)[33
m;[39m
     [90m 49 |[39m         
    block[33m.[39msetFieldV
alue([32m'red'[39m[33m,[3
9m [32m'PROMPT'[39m)[33m;
[39m
    [31m[1m>[22m[39m[90m
 50 |[39m             [36mc
onst[39m code [33m=[39m ja
vascriptGenerator[33m.[39mb
lockToCode(block) [36mas[39
m string[33m;[39m
     [90m    |[39m         
                             
        [31m[1m^[22m[39m
     [90m 51 |[39m         
    expect(code)[33m.[39mto
Contain([32m'/* ??AI Request
: "Style bg like red" */'[39
m)[33m;[39m
     [90m 52 |[39m         
    expect(code)[33m.[39mto
Contain([32m"AI_MAGIC_STYLE:
 Style bg like red"[39m)[33
m;[39m
     [90m 53 |[39m         
})[33m;[39m[0m

      at JavascriptGenerator$
$module$build$src$generators$
javascript$javascript_generat
or.warn [as blockToCode] (nod
e_modules/blockly/core/genera
tor.ts:239:15)
      at JavascriptGenerator$
$module$build$src$generators$
javascript$javascript_generat
or.blockToCode [as scrub_] (n
ode_modules/blockly/generator
s/javascript/javascript_gener
ator.ts:281:43)
      at JavascriptGenerator$
$module$build$src$generators$
javascript$javascript_generat
or.scrub_ [as blockToCode] (n
ode_modules/blockly/core/gene
rator.ts:282:19)
      at Object.blockToCode (
__tests__/lib/customBlocks.te
st.ts:50:46)

    console.warn
      CodeGenerator init was 
not called before blockToCode
 was called.

    [0m [90m 58 |[39m     
        block[33m.[39msetFi
eldValue([35m150[39m[33m,
[39m [32m'X'[39m)[33m;[39
m
     [90m 59 |[39m         
    block[33m.[39msetFieldV
alue([35m200[39m[33m,[39m
 [32m'Y'[39m)[33m;[39m
    [31m[1m>[22m[39m[90m
 60 |[39m             [36mc
onst[39m code [33m=[39m ja
vascriptGenerator[33m.[39mb
lockToCode(block) [36mas[39
m string[33m;[39m
     [90m    |[39m         
                             
        [31m[1m^[22m[39m
     [90m 61 |[39m         
    expect(code)[33m.[39mto
Contain([32m'drawShape("circ
le", 150, 200)'[39m)[33m;[
39m
     [90m 62 |[39m         
})[33m;[39m
     [90m 63 |[39m[0m

      at JavascriptGenerator$
$module$build$src$generators$
javascript$javascript_generat
or.warn [as blockToCode] (nod
e_modules/blockly/core/genera
tor.ts:239:15)
      at Object.blockToCode (
__tests__/lib/customBlocks.te
st.ts:60:46)

    console.warn
      CodeGenerator init was 
not called before blockToCode
 was called.

    [0m [90m 58 |[39m     
        block[33m.[39msetFi
eldValue([35m150[39m[33m,
[39m [32m'X'[39m)[33m;[39
m
     [90m 59 |[39m         
    block[33m.[39msetFieldV
alue([35m200[39m[33m,[39m
 [32m'Y'[39m)[33m;[39m
    [31m[1m>[22m[39m[90m
 60 |[39m             [36mc
onst[39m code [33m=[39m ja
vascriptGenerator[33m.[39mb
lockToCode(block) [36mas[39
m string[33m;[39m
     [90m    |[39m         
                             
        [31m[1m^[22m[39m
     [90m 61 |[39m         
    expect(code)[33m.[39mto
Contain([32m'drawShape("circ
le", 150, 200)'[39m)[33m;[
39m
     [90m 62 |[39m         
})[33m;[39m
     [90m 63 |[39m[0m

      at JavascriptGenerator$
$module$build$src$generators$
javascript$javascript_generat
or.warn [as blockToCode] (nod
e_modules/blockly/core/genera
tor.ts:239:15)
      at JavascriptGenerator$
$module$build$src$generators$
javascript$javascript_generat
or.blockToCode [as scrub_] (n
ode_modules/blockly/generator
s/javascript/javascript_gener
ator.ts:281:43)
      at JavascriptGenerator$
$module$build$src$generators$
javascript$javascript_generat
or.scrub_ [as blockToCode] (n
ode_modules/blockly/core/gene
rator.ts:282:19)
      at Object.blockToCode (
__tests__/lib/customBlocks.te
st.ts:60:46)

    console.warn
      CodeGenerator init was 
not called before blockToCode
 was called.

    [0m [90m 66 |[39m     
        block[33m.[39msetFi
eldValue([32m'Hero'[39m[33
m,[39m [32m'TARGET'[39m)[
33m;[39m
     [90m 67 |[39m         
    block[33m.[39msetFieldV
alue([35m10[39m[33m,[39m 
[32m'AMOUNT'[39m)[33m;[39
m
    [31m[1m>[22m[39m[90m
 68 |[39m             [36mc
onst[39m code [33m=[39m ja
vascriptGenerator[33m.[39mb
lockToCode(block) [36mas[39
m string[33m;[39m
     [90m    |[39m         
                             
        [31m[1m^[22m[39m
     [90m 69 |[39m         
    expect(code)[33m.[39mto
Contain([32m'moveForward("He
ro", 10)'[39m)[33m;[39m
     [90m 70 |[39m         
})[33m;[39m
     [90m 71 |[39m[0m

      at JavascriptGenerator$
$module$build$src$generators$
javascript$javascript_generat
or.warn [as blockToCode] (nod
e_modules/blockly/core/genera
tor.ts:239:15)
      at Object.blockToCode (
__tests__/lib/customBlocks.te
st.ts:68:46)

    console.warn
      CodeGenerator init was 
not called before blockToCode
 was called.

    [0m [90m 66 |[39m     
        block[33m.[39msetFi
eldValue([32m'Hero'[39m[33
m,[39m [32m'TARGET'[39m)[
33m;[39m
     [90m 67 |[39m         
    block[33m.[39msetFieldV
alue([35m10[39m[33m,[39m 
[32m'AMOUNT'[39m)[33m;[39
m
    [31m[1m>[22m[39m[90m
 68 |[39m             [36mc
onst[39m code [33m=[39m ja
vascriptGenerator[33m.[39mb
lockToCode(block) [36mas[39
m string[33m;[39m
     [90m    |[39m         
                             
        [31m[1m^[22m[39m
     [90m 69 |[39m         
    expect(code)[33m.[39mto
Contain([32m'moveForward("He
ro", 10)'[39m)[33m;[39m
     [90m 70 |[39m         
})[33m;[39m
     [90m 71 |[39m[0m

      at JavascriptGenerator$
$module$build$src$generators$
javascript$javascript_generat
or.warn [as blockToCode] (nod
e_modules/blockly/core/genera
tor.ts:239:15)
      at JavascriptGenerator$
$module$build$src$generators$
javascript$javascript_generat
or.blockToCode [as scrub_] (n
ode_modules/blockly/generator
s/javascript/javascript_gener
ator.ts:281:43)
      at JavascriptGenerator$
$module$build$src$generators$
javascript$javascript_generat
or.scrub_ [as blockToCode] (n
ode_modules/blockly/core/gene
rator.ts:282:19)
      at Object.blockToCode (
__tests__/lib/customBlocks.te
st.ts:68:46)

    console.warn
      CodeGenerator init was 
not called before blockToCode
 was called.

    [0m [90m 74 |[39m     
        block[33m.[39msetFi
eldValue([32m'Enemy'[39m[3
3m,[39m [32m'TARGET'[39m)
[33m;[39m
     [90m 75 |[39m         
    block[33m.[39msetFieldV
alue([35m90[39m[33m,[39m 
[32m'DEGREES'[39m)[33m;[3
9m
    [31m[1m>[22m[39m[90m
 76 |[39m             [36mc
onst[39m code [33m=[39m ja
vascriptGenerator[33m.[39mb
lockToCode(block) [36mas[39
m string[33m;[39m
     [90m    |[39m         
                             
        [31m[1m^[22m[39m
     [90m 77 |[39m         
    expect(code)[33m.[39mto
Contain([32m'turnRight("Enem
y", 90)'[39m)[33m;[39m
     [90m 78 |[39m         
})[33m;[39m
     [90m 79 |[39m[0m

      at JavascriptGenerator$
$module$build$src$generators$
javascript$javascript_generat
or.warn [as blockToCode] (nod
e_modules/blockly/core/genera
tor.ts:239:15)
      at Object.blockToCode (
__tests__/lib/customBlocks.te
st.ts:76:46)

    console.warn
      CodeGenerator init was 
not called before blockToCode
 was called.

    [0m [90m 74 |[39m     
        block[33m.[39msetFi
eldValue([32m'Enemy'[39m[3
3m,[39m [32m'TARGET'[39m)
[33m;[39m
     [90m 75 |[39m         
    block[33m.[39msetFieldV
alue([35m90[39m[33m,[39m 
[32m'DEGREES'[39m)[33m;[3
9m
    [31m[1m>[22m[39m[90m
 76 |[39m             [36mc
onst[39m code [33m=[39m ja
vascriptGenerator[33m.[39mb
lockToCode(block) [36mas[39
m string[33m;[39m
     [90m    |[39m         
                             
        [31m[1m^[22m[39m
     [90m 77 |[39m         
    expect(code)[33m.[39mto
Contain([32m'turnRight("Enem
y", 90)'[39m)[33m;[39m
     [90m 78 |[39m         
})[33m;[39m
     [90m 79 |[39m[0m

      at JavascriptGenerator$
$module$build$src$generators$
javascript$javascript_generat
or.warn [as blockToCode] (nod
e_modules/blockly/core/genera
tor.ts:239:15)
      at JavascriptGenerator$
$module$build$src$generators$
javascript$javascript_generat
or.blockToCode [as scrub_] (n
ode_modules/blockly/generator
s/javascript/javascript_gener
ator.ts:281:43)
      at JavascriptGenerator$
$module$build$src$generators$
javascript$javascript_generat
or.scrub_ [as blockToCode] (n
ode_modules/blockly/core/gene
rator.ts:282:19)
      at Object.blockToCode (
__tests__/lib/customBlocks.te
st.ts:76:46)

    console.warn
      CodeGenerator init was 
not called before blockToCode
 was called.

    [0m [90m 83 |[39m     
        block[33m.[39msetFi
eldValue([35m45[39m[33m,[
39m [32m'DIR'[39m)[33m;[3
9m
     [90m 84 |[39m         
    block[33m.[39msetFieldV
alue([35m10[39m[33m,[39m 
[32m'POWER'[39m)[33m;[39m
    [31m[1m>[22m[39m[90m
 85 |[39m             [36mc
onst[39m code [33m=[39m ja
vascriptGenerator[33m.[39mb
lockToCode(block) [36mas[39
m string[33m;[39m
     [90m    |[39m         
                             
        [31m[1m^[22m[39m
     [90m 86 |[39m         
    expect(code)[33m.[39mto
Contain([32m'applyForce("Pla
yer", 45, 10)'[39m)[33m;[3
9m
     [90m 87 |[39m         
})[33m;[39m
     [90m 88 |[39m[0m

      at JavascriptGenerator$
$module$build$src$generators$
javascript$javascript_generat
or.warn [as blockToCode] (nod
e_modules/blockly/core/genera
tor.ts:239:15)
      at Object.blockToCode (
__tests__/lib/customBlocks.te
st.ts:85:46)

    console.warn
      CodeGenerator init was 
not called before blockToCode
 was called.

    [0m [90m 83 |[39m     
        block[33m.[39msetFi
eldValue([35m45[39m[33m,[
39m [32m'DIR'[39m)[33m;[3
9m
     [90m 84 |[39m         
    block[33m.[39msetFieldV
alue([35m10[39m[33m,[39m 
[32m'POWER'[39m)[33m;[39m
    [31m[1m>[22m[39m[90m
 85 |[39m             [36mc
onst[39m code [33m=[39m ja
vascriptGenerator[33m.[39mb
lockToCode(block) [36mas[39
m string[33m;[39m
     [90m    |[39m         
                             
        [31m[1m^[22m[39m
     [90m 86 |[39m         
    expect(code)[33m.[39mto
Contain([32m'applyForce("Pla
yer", 45, 10)'[39m)[33m;[3
9m
     [90m 87 |[39m         
})[33m;[39m
     [90m 88 |[39m[0m

      at JavascriptGenerator$
$module$build$src$generators$
javascript$javascript_generat
or.warn [as blockToCode] (nod
e_modules/blockly/core/genera
tor.ts:239:15)
      at JavascriptGenerator$
$module$build$src$generators$
javascript$javascript_generat
or.blockToCode [as scrub_] (n
ode_modules/blockly/generator
s/javascript/javascript_gener
ator.ts:281:43)
      at JavascriptGenerator$
$module$build$src$generators$
javascript$javascript_generat
or.scrub_ [as blockToCode] (n
ode_modules/blockly/core/gene
rator.ts:282:19)
      at Object.blockToCode (
__tests__/lib/customBlocks.te
st.ts:85:46)

    console.warn
      CodeGenerator init was 
not called before blockToCode
 was called.

    [0m [90m 90 |[39m     
        [36mconst[39m block
 [33m=[39m workspace[33m.
[39mnewBlock([32m'timer_ever
y'[39m)[33m;[39m
     [90m 91 |[39m         
    block[33m.[39msetFieldV
alue([35m5[39m[33m,[39m 
[32m'SECONDS'[39m)[33m;[39
m
    [31m[1m>[22m[39m[90m
 92 |[39m             [36mc
onst[39m code [33m=[39m ja
vascriptGenerator[33m.[39mb
lockToCode(block) [36mas[39
m string[33m;[39m
     [90m    |[39m         
                             
        [31m[1m^[22m[39m
     [90m 93 |[39m         
    expect(code)[33m.[39mto
Contain([32m'setInterval(fun
ction() {'[39m)[33m;[39m
     [90m 94 |[39m         
    expect(code)[33m.[39mto
Contain([32m'}, 5000)'[39m)
[33m;[39m
     [90m 95 |[39m         
})[33m;[39m[0m

      at JavascriptGenerator$
$module$build$src$generators$
javascript$javascript_generat
or.warn [as blockToCode] (nod
e_modules/blockly/core/genera
tor.ts:239:15)
      at Object.blockToCode (
__tests__/lib/customBlocks.te
st.ts:92:46)

    console.warn
      CodeGenerator init was 
not called before blockToCode
 was called.

    [0m [90m 525 |[39m    
 javascriptGenerator[33m.[3
9mforBlock[[32m'timer_every'
[39m] [33m=[39m [36mfunct
ion[39m (block[33m:[39m [
33mBlockly[39m[33m.[39m[3
3mBlock[39m) {
     [90m 526 |[39m        
 [36mconst[39m seconds [33
m=[39m block[33m.[39mgetFi
eldValue([32m'SECONDS'[39m)
[33m;[39m
    [31m[1m>[22m[39m[90m
 527 |[39m         [36mcons
t[39m branch [33m=[39m jav
ascriptGenerator[33m.[39mst
atementToCode(block[33m,[39
m [32m'STACK'[39m) [33m||
[39m [32m""[39m[33m;[39m
     [90m     |[39m        
                             
       [31m[1m^[22m[39m
     [90m 528 |[39m        
 [36mreturn[39m [32m`setIn
terval(function() {\n${branch
}}, ${seconds * 1000});\n`[3
9m[33m;[39m
     [90m 529 |[39m     }[
33m;[39m
     [90m 530 |[39m[0m

      at JavascriptGenerator$
$module$build$src$generators$
javascript$javascript_generat
or.warn [as blockToCode] (nod
e_modules/blockly/core/genera
tor.ts:239:15)
      at JavascriptGenerator$
$module$build$src$generators$
javascript$javascript_generat
or.blockToCode [as statementT
oCode] (node_modules/blockly/
core/generator.ts:390:21)
      at Block$$module$build$
src$core$block.statementToCod
e (src/lib/customBlocks.ts:52
7:44)
      at JavascriptGenerator$
$module$build$src$generators$
javascript$javascript_generat
or.call [as blockToCode] (nod
e_modules/blockly/core/genera
tor.ts:268:21)
      at Object.blockToCode (
__tests__/lib/customBlocks.te
st.ts:92:46)

    console.warn
      CodeGenerator init was 
not called before blockToCode
 was called.

    [0m [90m 90 |[39m     
        [36mconst[39m block
 [33m=[39m workspace[33m.
[39mnewBlock([32m'timer_ever
y'[39m)[33m;[39m
     [90m 91 |[39m         
    block[33m.[39msetFieldV
alue([35m5[39m[33m,[39m 
[32m'SECONDS'[39m)[33m;[39
m
    [31m[1m>[22m[39m[90m
 92 |[39m             [36mc
onst[39m code [33m=[39m ja
vascriptGenerator[33m.[39mb
lockToCode(block) [36mas[39
m string[33m;[39m
     [90m    |[39m         
                             
        [31m[1m^[22m[39m
     [90m 93 |[39m         
    expect(code)[33m.[39mto
Contain([32m'setInterval(fun
ction() {'[39m)[33m;[39m
     [90m 94 |[39m         
    expect(code)[33m.[39mto
Contain([32m'}, 5000)'[39m)
[33m;[39m
     [90m 95 |[39m         
})[33m;[39m[0m

      at JavascriptGenerator$
$module$build$src$generators$
javascript$javascript_generat
or.warn [as blockToCode] (nod
e_modules/blockly/core/genera
tor.ts:239:15)
      at JavascriptGenerator$
$module$build$src$generators$
javascript$javascript_generat
or.blockToCode [as scrub_] (n
ode_modules/blockly/generator
s/javascript/javascript_gener
ator.ts:281:43)
      at JavascriptGenerator$
$module$build$src$generators$
javascript$javascript_generat
or.scrub_ [as blockToCode] (n
ode_modules/blockly/core/gene
rator.ts:282:19)
      at Object.blockToCode (
__tests__/lib/customBlocks.te
st.ts:92:46)

    console.warn
      CodeGenerator init was 
not called before blockToCode
 was called.

    [0m [90m  99 |[39m    
         block[33m.[39msetF
ieldValue([32m'Hello'[39m[
33m,[39m [32m'TEXT'[39m)[
33m;[39m
     [90m 100 |[39m        
     block[33m.[39msetField
Value([32m'Hero'[39m[33m,
[39m [32m'CHARACTER'[39m)[
33m;[39m
    [31m[1m>[22m[39m[90m
 101 |[39m             [36m
const[39m code [33m=[39m j
avascriptGenerator[33m.[39m
blockToCode(block) [36mas[3
9m string[33m;[39m
     [90m     |[39m        
                             
         [31m[1m^[22m[39m
     [90m 102 |[39m        
     expect(code)[33m.[39mt
oContain([32m'speakText("Hel
lo", "Hero")'[39m)[33m;[39
m
     [90m 103 |[39m        
 })[33m;[39m
     [90m 104 |[39m[0m

      at JavascriptGenerator$
$module$build$src$generators$
javascript$javascript_generat
or.warn [as blockToCode] (nod
e_modules/blockly/core/genera
tor.ts:239:15)
      at Object.blockToCode (
__tests__/lib/customBlocks.te
st.ts:101:46)

    console.warn
      CodeGenerator init was 
not called before blockToCode
 was called.

    [0m [90m  99 |[39m    
         block[33m.[39msetF
ieldValue([32m'Hello'[39m[
33m,[39m [32m'TEXT'[39m)[
33m;[39m
     [90m 100 |[39m        
     block[33m.[39msetField
Value([32m'Hero'[39m[33m,
[39m [32m'CHARACTER'[39m)[
33m;[39m
    [31m[1m>[22m[39m[90m
 101 |[39m             [36m
const[39m code [33m=[39m j
avascriptGenerator[33m.[39m
blockToCode(block) [36mas[3
9m string[33m;[39m
     [90m     |[39m        
                             
         [31m[1m^[22m[39m
     [90m 102 |[39m        
     expect(code)[33m.[39mt
oContain([32m'speakText("Hel
lo", "Hero")'[39m)[33m;[39
m
     [90m 103 |[39m        
 })[33m;[39m
     [90m 104 |[39m[0m

      at JavascriptGenerator$
$module$build$src$generators$
javascript$javascript_generat
or.warn [as blockToCode] (nod
e_modules/blockly/core/genera
tor.ts:239:15)
      at JavascriptGenerator$
$module$build$src$generators$
javascript$javascript_generat
or.blockToCode [as scrub_] (n
ode_modules/blockly/generator
s/javascript/javascript_gener
ator.ts:281:43)
      at JavascriptGenerator$
$module$build$src$generators$
javascript$javascript_generat
or.scrub_ [as blockToCode] (n
ode_modules/blockly/core/gene
rator.ts:282:19)
      at Object.blockToCode (
__tests__/lib/customBlocks.te
st.ts:101:46)

    console.warn
      CodeGenerator init was 
not called before blockToCode
 was called.

    [0m [90m 107 |[39m    
         block[33m.[39msetF
ieldValue([32m'Hero'[39m[3
3m,[39m [32m'CHARACTER'[39
m)[33m;[39m
     [90m 108 |[39m        
     block[33m.[39msetField
Value([32m'robot'[39m[33m,
[39m [32m'STYLE'[39m)[33m
;[39m
    [31m[1m>[22m[39m[90m
 109 |[39m             [36m
const[39m code [33m=[39m j
avascriptGenerator[33m.[39m
blockToCode(block) [36mas[3
9m string[33m;[39m
     [90m     |[39m        
                             
         [31m[1m^[22m[39m
     [90m 110 |[39m        
     expect(code)[33m.[39mt
oContain([32m'setVoiceStyle(
"Hero", "robot")'[39m)[33m;
[39m
     [90m 111 |[39m        
 })[33m;[39m
     [90m 112 |[39m[0m

      at JavascriptGenerator$
$module$build$src$generators$
javascript$javascript_generat
or.warn [as blockToCode] (nod
e_modules/blockly/core/genera
tor.ts:239:15)
      at Object.blockToCode (
__tests__/lib/customBlocks.te
st.ts:109:46)

    console.warn
      CodeGenerator init was 
not called before blockToCode
 was called.

    [0m [90m 107 |[39m    
         block[33m.[39msetF
ieldValue([32m'Hero'[39m[3
3m,[39m [32m'CHARACTER'[39
m)[33m;[39m
     [90m 108 |[39m        
     block[33m.[39msetField
Value([32m'robot'[39m[33m,
[39m [32m'STYLE'[39m)[33m
;[39m
    [31m[1m>[22m[39m[90m
 109 |[39m             [36m
const[39m code [33m=[39m j
avascriptGenerator[33m.[39m
blockToCode(block) [36mas[3
9m string[33m;[39m
     [90m     |[39m        
                             
         [31m[1m^[22m[39m
     [90m 110 |[39m        
     expect(code)[33m.[39mt
oContain([32m'setVoiceStyle(
"Hero", "robot")'[39m)[33m;
[39m
     [90m 111 |[39m        
 })[33m;[39m
     [90m 112 |[39m[0m

      at JavascriptGenerator$
$module$build$src$generators$
javascript$javascript_generat
or.warn [as blockToCode] (nod
e_modules/blockly/core/genera
tor.ts:239:15)
      at JavascriptGenerator$
$module$build$src$generators$
javascript$javascript_generat
or.blockToCode [as scrub_] (n
ode_modules/blockly/generator
s/javascript/javascript_gener
ator.ts:281:43)
      at JavascriptGenerator$
$module$build$src$generators$
javascript$javascript_generat
or.scrub_ [as blockToCode] (n
ode_modules/blockly/core/gene
rator.ts:282:19)
      at Object.blockToCode (
__tests__/lib/customBlocks.te
st.ts:109:46)

    console.warn
      CodeGenerator init was 
not called before blockToCode
 was called.

    [0m [90m 117 |[39m    
         block[33m.[39msetF
ieldValue([32m'Villain'[39m
[33m,[39m [32m'SPEAKER_2'
[39m)[33m;[39m
     [90m 118 |[39m        
     block[33m.[39msetField
Value([32m'Die!'[39m[33m,
[39m [32m'TEXT_2'[39m)[33m
;[39m
    [31m[1m>[22m[39m[90m
 119 |[39m             [36m
const[39m code [33m=[39m j
avascriptGenerator[33m.[39m
blockToCode(block) [36mas[3
9m string[33m;[39m
     [90m     |[39m        
                             
         [31m[1m^[22m[39m
     [90m 120 |[39m        
     expect(code)[33m.[39mt
oContain([32m'dialogueScene(
"Hero", "Hello", "Villain", "
Die!")'[39m)[33m;[39m
     [90m 121 |[39m        
 })[33m;[39m
     [90m 122 |[39m[0m

      at JavascriptGenerator$
$module$build$src$generators$
javascript$javascript_generat
or.warn [as blockToCode] (nod
e_modules/blockly/core/genera
tor.ts:239:15)
      at Object.blockToCode (
__tests__/lib/customBlocks.te
st.ts:119:46)

    console.warn
      CodeGenerator init was 
not called before blockToCode
 was called.

    [0m [90m 117 |[39m    
         block[33m.[39msetF
ieldValue([32m'Villain'[39m
[33m,[39m [32m'SPEAKER_2'
[39m)[33m;[39m
     [90m 118 |[39m        
     block[33m.[39msetField
Value([32m'Die!'[39m[33m,
[39m [32m'TEXT_2'[39m)[33m
;[39m
    [31m[1m>[22m[39m[90m
 119 |[39m             [36m
const[39m code [33m=[39m j
avascriptGenerator[33m.[39m
blockToCode(block) [36mas[3
9m string[33m;[39m
     [90m     |[39m        
                             
         [31m[1m^[22m[39m
     [90m 120 |[39m        
     expect(code)[33m.[39mt
oContain([32m'dialogueScene(
"Hero", "Hello", "Villain", "
Die!")'[39m)[33m;[39m
     [90m 121 |[39m        
 })[33m;[39m
     [90m 122 |[39m[0m

      at JavascriptGenerator$
$module$build$src$generators$
javascript$javascript_generat
or.warn [as blockToCode] (nod
e_modules/blockly/core/genera
tor.ts:239:15)
      at JavascriptGenerator$
$module$build$src$generators$
javascript$javascript_generat
or.blockToCode [as scrub_] (n
ode_modules/blockly/generator
s/javascript/javascript_gener
ator.ts:281:43)
      at JavascriptGenerator$
$module$build$src$generators$
javascript$javascript_generat
or.scrub_ [as blockToCode] (n
ode_modules/blockly/core/gene
rator.ts:282:19)
      at Object.blockToCode (
__tests__/lib/customBlocks.te
st.ts:119:46)

    console.warn
      CodeGenerator init was 
not called before blockToCode
 was called.

    [0m [90m 125 |[39m    
         block[33m.[39msetF
ieldValue([32m'damage'[39m
[33m,[39m [32m'EVENT'[39m)
[33m;[39m
     [90m 126 |[39m        
     block[33m.[39msetField
Value([32m'Ouch!'[39m[33m,
[39m [32m'PROMPT'[39m)[33
m;[39m
    [31m[1m>[22m[39m[90m
 127 |[39m             [36m
const[39m code [33m=[39m j
avascriptGenerator[33m.[39m
blockToCode(block) [36mas[3
9m string[33m;[39m
     [90m     |[39m        
                             
         [31m[1m^[22m[39m
     [90m 128 |[39m        
     expect(code)[33m.[39mt
oContain([32m'document.addEv
entListener("game_damage"'[3
9m)[33m;[39m
     [90m 129 |[39m        
     expect(code)[33m.[39mt
oContain([32m'reactWithVoice
("Ouch!")'[39m)[33m;[39m
     [90m 130 |[39m        
 })[33m;[39m[0m

      at JavascriptGenerator$
$module$build$src$generators$
javascript$javascript_generat
or.warn [as blockToCode] (nod
e_modules/blockly/core/genera
tor.ts:239:15)
      at Object.blockToCode (
__tests__/lib/customBlocks.te
st.ts:127:46)

    console.warn
      CodeGenerator init was 
not called before blockToCode
 was called.

    [0m [90m 125 |[39m    
         block[33m.[39msetF
ieldValue([32m'damage'[39m
[33m,[39m [32m'EVENT'[39m)
[33m;[39m
     [90m 126 |[39m        
     block[33m.[39msetField
Value([32m'Ouch!'[39m[33m,
[39m [32m'PROMPT'[39m)[33
m;[39m
    [31m[1m>[22m[39m[90m
 127 |[39m             [36m
const[39m code [33m=[39m j
avascriptGenerator[33m.[39m
blockToCode(block) [36mas[3
9m string[33m;[39m
     [90m     |[39m        
                             
         [31m[1m^[22m[39m
     [90m 128 |[39m        
     expect(code)[33m.[39mt
oContain([32m'document.addEv
entListener("game_damage"'[3
9m)[33m;[39m
     [90m 129 |[39m        
     expect(code)[33m.[39mt
oContain([32m'reactWithVoice
("Ouch!")'[39m)[33m;[39m
     [90m 130 |[39m        
 })[33m;[39m[0m

      at JavascriptGenerator$
$module$build$src$generators$
javascript$javascript_generat
or.warn [as blockToCode] (nod
e_modules/blockly/core/genera
tor.ts:239:15)
      at JavascriptGenerator$
$module$build$src$generators$
javascript$javascript_generat
or.blockToCode [as scrub_] (n
ode_modules/blockly/generator
s/javascript/javascript_gener
ator.ts:281:43)
      at JavascriptGenerator$
$module$build$src$generators$
javascript$javascript_generat
or.scrub_ [as blockToCode] (n
ode_modules/blockly/core/gene
rator.ts:282:19)
      at Object.blockToCode (
__tests__/lib/customBlocks.te
st.ts:127:46)

    console.warn
      CodeGenerator init was 
not called before blockToCode
 was called.

    [0m [90m 133 |[39m    
         [36mconst[39m bloc
k [33m=[39m workspace[33m.
[39mnewBlock([32m'magic_bgm
_block'[39m)[33m;[39m
     [90m 134 |[39m        
     block[33m.[39msetField
Value([32m'tense'[39m[33m,
[39m [32m'MOOD'[39m)[33m;
[39m
    [31m[1m>[22m[39m[90m
 135 |[39m             [36m
const[39m code [33m=[39m j
avascriptGenerator[33m.[39m
blockToCode(block) [36mas[3
9m string[33m;[39m
     [90m     |[39m        
                             
         [31m[1m^[22m[39m
     [90m 136 |[39m        
     expect(code)[33m.[39mt
oContain([32m'playBGM("tense
")'[39m)[33m;[39m
     [90m 137 |[39m        
 })[33m;[39m
     [90m 138 |[39m[0m

      at JavascriptGenerator$
$module$build$src$generators$
javascript$javascript_generat
or.warn [as blockToCode] (nod
e_modules/blockly/core/genera
tor.ts:239:15)
      at Object.blockToCode (
__tests__/lib/customBlocks.te
st.ts:135:46)

    console.warn
      CodeGenerator init was 
not called before blockToCode
 was called.

    [0m [90m 133 |[39m    
         [36mconst[39m bloc
k [33m=[39m workspace[33m.
[39mnewBlock([32m'magic_bgm
_block'[39m)[33m;[39m
     [90m 134 |[39m        
     block[33m.[39msetField
Value([32m'tense'[39m[33m,
[39m [32m'MOOD'[39m)[33m;
[39m
    [31m[1m>[22m[39m[90m
 135 |[39m             [36m
const[39m code [33m=[39m j
avascriptGenerator[33m.[39m
blockToCode(block) [36mas[3
9m string[33m;[39m
     [90m     |[39m        
                             
         [31m[1m^[22m[39m
     [90m 136 |[39m        
     expect(code)[33m.[39mt
oContain([32m'playBGM("tense
")'[39m)[33m;[39m
     [90m 137 |[39m        
 })[33m;[39m
     [90m 138 |[39m[0m

      at JavascriptGenerator$
$module$build$src$generators$
javascript$javascript_generat
or.warn [as blockToCode] (nod
e_modules/blockly/core/genera
tor.ts:239:15)
      at JavascriptGenerator$
$module$build$src$generators$
javascript$javascript_generat
or.blockToCode [as scrub_] (n
ode_modules/blockly/generator
s/javascript/javascript_gener
ator.ts:281:43)
      at JavascriptGenerator$
$module$build$src$generators$
javascript$javascript_generat
or.scrub_ [as blockToCode] (n
ode_modules/blockly/core/gene
rator.ts:282:19)
      at Object.blockToCode (
__tests__/lib/customBlocks.te
st.ts:135:46)

    console.warn
      CodeGenerator init was 
not called before blockToCode
 was called.

    [0m [90m 140 |[39m    
         [36mconst[39m bloc
k [33m=[39m workspace[33m.
[39mnewBlock([32m'play_sfx_
block'[39m)[33m;[39m
     [90m 141 |[39m        
     block[33m.[39msetField
Value([32m'laser'[39m[33m,
[39m [32m'PROMPT'[39m)[33
m;[39m
    [31m[1m>[22m[39m[90m
 142 |[39m             [36m
const[39m code [33m=[39m j
avascriptGenerator[33m.[39m
blockToCode(block) [36mas[3
9m string[33m;[39m
     [90m     |[39m        
                             
         [31m[1m^[22m[39m
     [90m 143 |[39m        
     expect(code)[33m.[39mt
oContain([32m'playSFX("laser
")'[39m)[33m;[39m
     [90m 144 |[39m        
 })[33m;[39m
     [90m 145 |[39m[0m

      at JavascriptGenerator$
$module$build$src$generators$
javascript$javascript_generat
or.warn [as blockToCode] (nod
e_modules/blockly/core/genera
tor.ts:239:15)
      at Object.blockToCode (
__tests__/lib/customBlocks.te
st.ts:142:46)

    console.warn
      CodeGenerator init was 
not called before blockToCode
 was called.

    [0m [90m 140 |[39m    
         [36mconst[39m bloc
k [33m=[39m workspace[33m.
[39mnewBlock([32m'play_sfx_
block'[39m)[33m;[39m
     [90m 141 |[39m        
     block[33m.[39msetField
Value([32m'laser'[39m[33m,
[39m [32m'PROMPT'[39m)[33
m;[39m
    [31m[1m>[22m[39m[90m
 142 |[39m             [36m
const[39m code [33m=[39m j
avascriptGenerator[33m.[39m
blockToCode(block) [36mas[3
9m string[33m;[39m
     [90m     |[39m        
                             
         [31m[1m^[22m[39m
     [90m 143 |[39m        
     expect(code)[33m.[39mt
oContain([32m'playSFX("laser
")'[39m)[33m;[39m
     [90m 144 |[39m        
 })[33m;[39m
     [90m 145 |[39m[0m

      at JavascriptGenerator$
$module$build$src$generators$
javascript$javascript_generat
or.warn [as blockToCode] (nod
e_modules/blockly/core/genera
tor.ts:239:15)
      at JavascriptGenerator$
$module$build$src$generators$
javascript$javascript_generat
or.blockToCode [as scrub_] (n
ode_modules/blockly/generator
s/javascript/javascript_gener
ator.ts:281:43)
      at JavascriptGenerator$
$module$build$src$generators$
javascript$javascript_generat
or.scrub_ [as blockToCode] (n
ode_modules/blockly/core/gene
rator.ts:282:19)
      at Object.blockToCode (
__tests__/lib/customBlocks.te
st.ts:142:46)

    console.warn
      CodeGenerator init was 
not called before blockToCode
 was called.

    [0m [90m 147 |[39m    
         [36mconst[39m bloc
k [33m=[39m workspace[33m.
[39mnewBlock([32m'remix_cod
e_block'[39m)[33m;[39m
     [90m 148 |[39m        
     block[33m.[39msetField
Value([32m'make it faster'[
39m[33m,[39m [32m'PROMPT'
[39m)[33m;[39m
    [31m[1m>[22m[39m[90m
 149 |[39m             [36m
const[39m code [33m=[39m j
avascriptGenerator[33m.[39m
blockToCode(block) [36mas[3
9m string[33m;[39m
     [90m     |[39m        
                             
         [31m[1m^[22m[39m
     [90m 150 |[39m        
     expect(code)[33m.[39mt
oContain([32m'/* ??AI Reques
t: "make it faster" */'[39m)
[33m;[39m
     [90m 151 |[39m        
     expect(code)[33m.[39mt
oContain([32m'AI_MAGIC_REMIX
: make it faster'[39m)[33m;
[39m
     [90m 152 |[39m        
 })[33m;[39m[0m

      at JavascriptGenerator$
$module$build$src$generators$
javascript$javascript_generat
or.warn [as blockToCode] (nod
e_modules/blockly/core/genera
tor.ts:239:15)
      at Object.blockToCode (
__tests__/lib/customBlocks.te
st.ts:149:46)

    console.warn
      CodeGenerator init was 
not called before blockToCode
 was called.

    [0m [90m 147 |[39m    
         [36mconst[39m bloc
k [33m=[39m workspace[33m.
[39mnewBlock([32m'remix_cod
e_block'[39m)[33m;[39m
     [90m 148 |[39m        
     block[33m.[39msetField
Value([32m'make it faster'[
39m[33m,[39m [32m'PROMPT'
[39m)[33m;[39m
    [31m[1m>[22m[39m[90m
 149 |[39m             [36m
const[39m code [33m=[39m j
avascriptGenerator[33m.[39m
blockToCode(block) [36mas[3
9m string[33m;[39m
     [90m     |[39m        
                             
         [31m[1m^[22m[39m
     [90m 150 |[39m        
     expect(code)[33m.[39mt
oContain([32m'/* ??AI Reques
t: "make it faster" */'[39m)
[33m;[39m
     [90m 151 |[39m        
     expect(code)[33m.[39mt
oContain([32m'AI_MAGIC_REMIX
: make it faster'[39m)[33m;
[39m
     [90m 152 |[39m        
 })[33m;[39m[0m

      at JavascriptGenerator$
$module$build$src$generators$
javascript$javascript_generat
or.warn [as blockToCode] (nod
e_modules/blockly/core/genera
tor.ts:239:15)
      at JavascriptGenerator$
$module$build$src$generators$
javascript$javascript_generat
or.blockToCode [as scrub_] (n
ode_modules/blockly/generator
s/javascript/javascript_gener
ator.ts:281:43)
      at JavascriptGenerator$
$module$build$src$generators$
javascript$javascript_generat
or.scrub_ [as blockToCode] (n
ode_modules/blockly/core/gene
rator.ts:282:19)
      at Object.blockToCode (
__tests__/lib/customBlocks.te
st.ts:149:46)

    console.warn
      CodeGenerator init was 
not called before blockToCode
 was called.

    [0m [90m 155 |[39m    
         [36mconst[39m bloc
k [33m=[39m workspace[33m.
[39mnewBlock([32m'add_featu
re_block'[39m)[33m;[39m
     [90m 156 |[39m        
     block[33m.[39msetField
Value([32m'add a power-up'[
39m[33m,[39m [32m'PROMPT'
[39m)[33m;[39m
    [31m[1m>[22m[39m[90m
 157 |[39m             [36m
const[39m code [33m=[39m j
avascriptGenerator[33m.[39m
blockToCode(block) [36mas[3
9m string[33m;[39m
     [90m     |[39m        
                             
         [31m[1m^[22m[39m
     [90m 158 |[39m        
     expect(code)[33m.[39mt
oContain([32m'/* ??AI Reques
t: "add a power-up" */'[39m)
[33m;[39m
     [90m 159 |[39m        
     expect(code)[33m.[39mt
oContain([32m'AI_MAGIC_ADD: 
add a power-up'[39m)[33m;[
39m
     [90m 160 |[39m        
 })[33m;[39m[0m

      at JavascriptGenerator$
$module$build$src$generators$
javascript$javascript_generat
or.warn [as blockToCode] (nod
e_modules/blockly/core/genera
tor.ts:239:15)
      at Object.blockToCode (
__tests__/lib/customBlocks.te
st.ts:157:46)

    console.warn
      CodeGenerator init was 
not called before blockToCode
 was called.

    [0m [90m 155 |[39m    
         [36mconst[39m bloc
k [33m=[39m workspace[33m.
[39mnewBlock([32m'add_featu
re_block'[39m)[33m;[39m
     [90m 156 |[39m        
     block[33m.[39msetField
Value([32m'add a power-up'[
39m[33m,[39m [32m'PROMPT'
[39m)[33m;[39m
    [31m[1m>[22m[39m[90m
 157 |[39m             [36m
const[39m code [33m=[39m j
avascriptGenerator[33m.[39m
blockToCode(block) [36mas[3
9m string[33m;[39m
     [90m     |[39m        
                             
         [31m[1m^[22m[39m
     [90m 158 |[39m        
     expect(code)[33m.[39mt
oContain([32m'/* ??AI Reques
t: "add a power-up" */'[39m)
[33m;[39m
     [90m 159 |[39m        
     expect(code)[33m.[39mt
oContain([32m'AI_MAGIC_ADD: 
add a power-up'[39m)[33m;[
39m
     [90m 160 |[39m        
 })[33m;[39m[0m

      at JavascriptGenerator$
$module$build$src$generators$
javascript$javascript_generat
or.warn [as blockToCode] (nod
e_modules/blockly/core/genera
tor.ts:239:15)
      at JavascriptGenerator$
$module$build$src$generators$
javascript$javascript_generat
or.blockToCode [as scrub_] (n
ode_modules/blockly/generator
s/javascript/javascript_gener
ator.ts:281:43)
      at JavascriptGenerator$
$module$build$src$generators$
javascript$javascript_generat
or.scrub_ [as blockToCode] (n
ode_modules/blockly/core/gene
rator.ts:282:19)
      at Object.blockToCode (
__tests__/lib/customBlocks.te
st.ts:157:46)


Test Suites: 1 failed, 7 pass
ed, 8 total
Tests:       1 failed, 71 pas
sed, 72 total
Snapshots:   0 total
Time:        6.597 s
Ran all test suites.
